\BOOKMARK [1][-]{section.1}{\376\377\000I\000n\000t\000r\000o\000d\000u\000c\000t\000i\000o\000n}{}% 1
\BOOKMARK [1][-]{section.2}{\376\377\000I\000s\000o\000l\000a\000t\000i\000n\000g\000\040\000t\000h\000e\000\040\000B\000a\000s\000i\000c\000\040\000B\000l\000o\000c\000k\000s}{}% 2
\BOOKMARK [1][-]{section.3}{\376\377\000C\000o\000n\000n\000e\000c\000t\000i\000o\000n\000\040\000w\000i\000t\000h\000\040\000O\000r\000d\000i\000n\000a\000r\000y\000\040\000M\000o\000n\000o\000m\000i\000a\000l\000s}{}% 3
\BOOKMARK [1][-]{section.4}{\376\377\000C\000o\000m\000p\000o\000s\000i\000t\000i\000o\000n\000\040\000b\000y\000\040\000P\000o\000w\000e\000r\000s}{}% 4
\BOOKMARK [1][-]{section.5}{\376\377\000C\000o\000m\000p\000o\000s\000i\000t\000i\000o\000n\000\040\000O\000p\000e\000r\000a\000t\000o\000r\000s}{}% 5
\BOOKMARK [1][-]{section.6}{\376\377\000P\000r\000i\000m\000e\000\040\000F\000a\000c\000t\000o\000r\000i\000s\000a\000t\000i\000o\000n\000\040\000a\000s\000\040\000O\000p\000e\000r\000a\000t\000o\000r\000\040\000F\000a\000c\000t\000o\000r\000i\000s\000a\000t\000i\000o\000n}{}% 6
\BOOKMARK [1][-]{section.7}{\376\377\000D\000i\000v\000i\000s\000i\000b\000i\000l\000i\000t\000y\000\040\000a\000s\000\040\000R\000e\000a\000c\000h\000a\000b\000i\000l\000i\000t\000y}{}% 7
\BOOKMARK [1][-]{section.8}{\376\377\000A\000\040\000D\000i\000v\000i\000s\000i\000b\000i\000l\000i\000t\000y\000\040\000D\000i\000a\000g\000r\000a\000m}{}% 8
\BOOKMARK [1][-]{section.9}{\376\377\000G\000r\000e\000a\000t\000e\000s\000t\000\040\000C\000o\000m\000m\000o\000n\000\040\000D\000i\000v\000i\000s\000o\000r\000s\000\040\000a\000n\000d\000\040\000L\000e\000a\000s\000t\000\040\000C\000o\000m\000m\000o\000n\000\040\000M\000u\000l\000t\000i\000p\000l\000e\000s}{}% 9
\BOOKMARK [1][-]{section.10}{\376\377\000P\000r\000i\000m\000e\000\040\000B\000l\000o\000c\000k\000s\000\040\000a\000r\000e\000\040\000I\000n\000d\000e\000c\000o\000m\000p\000o\000s\000a\000b\000l\000e}{}% 10
\BOOKMARK [1][-]{section.11}{\376\377\000C\000o\000m\000p\000o\000s\000i\000t\000i\000o\000n\000\040\000A\000c\000t\000i\000n\000g\000\040\000o\000n\000\040\000t\000h\000e\000\040\000C\000o\000e\000f\000f\000i\000c\000i\000e\000n\000t\000s}{}% 11
\BOOKMARK [1][-]{section.12}{\376\377\000D\000i\000r\000i\000c\000h\000l\000e\000t\000\040\000C\000o\000n\000v\000o\000l\000u\000t\000i\000o\000n\000\040\000A\000p\000p\000e\000a\000r\000s}{}% 12
\BOOKMARK [1][-]{section.13}{\376\377\000T\000h\000e\000\040\000D\000i\000v\000i\000s\000o\000r\000-\000S\000u\000m\000\040\000O\000p\000e\000r\000a\000t\000o\000r}{}% 13
\BOOKMARK [1][-]{section.14}{\376\377\000M\000\366\000b\000i\000u\000s\000\040\000I\000n\000v\000e\000r\000s\000i\000o\000n}{}% 14
\BOOKMARK [1][-]{section.15}{\376\377\000C\000h\000a\000n\000g\000i\000n\000g\000\040\000t\000h\000e\000\040\000E\000x\000p\000o\000n\000e\000n\000t\000i\000a\000l\000\040\000B\000a\000s\000e}{}% 15
\BOOKMARK [1][-]{section.16}{\376\377\000T\000a\000y\000l\000o\000r\000\040\000E\000x\000p\000a\000n\000s\000i\000o\000n\000\040\000o\000f\000\040\000a\000\040\000B\000l\000o\000c\000k}{}% 16
\BOOKMARK [1][-]{section.17}{\376\377\000T\000a\000y\000l\000o\000r\000\040\000C\000o\000e\000f\000f\000i\000c\000i\000e\000n\000t\000s\000\040\000a\000n\000d\000\040\000D\000i\000v\000i\000s\000o\000r\000s}{}% 17
\BOOKMARK [1][-]{section.18}{\376\377\000C\000e\000n\000t\000e\000r\000e\000d\000\040\000B\000l\000o\000c\000k\000s}{}% 18
\BOOKMARK [1][-]{section.19}{\376\377\000A\000\040\000N\000e\000w\000\040\000E\000x\000p\000a\000n\000s\000i\000o\000n\000\040\000i\000n\000\040\000C\000e\000n\000t\000e\000r\000e\000d\000\040\000B\000l\000o\000c\000k\000s}{}% 19
\BOOKMARK [1][-]{section.20}{\376\377\000F\000o\000r\000m\000a\000l\000\040\000R\000e\000p\000r\000e\000s\000e\000n\000t\000a\000t\000i\000o\000n\000\040\000T\000h\000e\000o\000r\000e\000m}{}% 20
\BOOKMARK [1][-]{section.21}{\376\377\000P\000r\000i\000m\000e\000\040\000I\000n\000d\000i\000c\000e\000s\000\040\000i\000n\000\040\000t\000h\000e\000\040\000T\000a\000y\000l\000o\000r\000\040\000T\000r\000a\000n\000s\000f\000o\000r\000m}{}% 21
\BOOKMARK [1][-]{section.22}{\376\377\000L\000i\000n\000e\000a\000r\000\040\000I\000n\000d\000e\000p\000e\000n\000d\000e\000n\000c\000e}{}% 22
\BOOKMARK [1][-]{section.23}{\376\377\000D\000i\000f\000f\000e\000r\000e\000n\000t\000i\000a\000t\000i\000o\000n}{}% 23
\BOOKMARK [1][-]{section.24}{\376\377\000C\000o\000n\000n\000e\000c\000t\000i\000o\000n\000\040\000w\000i\000t\000h\000\040\000D\000i\000f\000f\000e\000r\000e\000n\000t\000i\000a\000l\000\040\000E\000q\000u\000a\000t\000i\000o\000n\000s}{}% 24
\BOOKMARK [1][-]{section.25}{\376\377\000M\000u\000l\000t\000i\000p\000l\000i\000c\000a\000t\000i\000o\000n\000\040\000o\000f\000\040\000B\000l\000o\000c\000k\000s}{}% 25
\BOOKMARK [1][-]{section.26}{\376\377\000C\000o\000n\000v\000e\000r\000g\000e\000n\000c\000e}{}% 26
\BOOKMARK [2][-]{subsection.26.1}{\376\377\000T\000h\000e\000\040\000R\000e\000g\000i\000o\000n\000\040\000|\000x\000|\000<\0001}{section.26}% 27
\BOOKMARK [2][-]{subsection.26.2}{\376\377\000T\000h\000e\000\040\000P\000o\000i\000n\000t\000\040\000x\000=\0001}{section.26}% 28
\BOOKMARK [2][-]{subsection.26.3}{\376\377\000T\000h\000e\000\040\000P\000o\000i\000n\000t\000\040\000x\000=\0000}{section.26}% 29
\BOOKMARK [2][-]{subsection.26.4}{\376\377\000T\000h\000e\000\040\000R\000e\000g\000i\000o\000n\000\040\000x\000>\0001\000\040\000w\000i\000t\000h\000\040\000b\000>\0001}{section.26}% 30
\BOOKMARK [2][-]{subsection.26.5}{\376\377\000T\000h\000e\000\040\000R\000e\000g\000i\000o\000n\000\040\000x\000>\0001\000\040\000w\000i\000t\000h\000\040\0000\000<\000b\000<\0001}{section.26}% 31
\BOOKMARK [2][-]{subsection.26.6}{\376\377\000N\000e\000g\000a\000t\000i\000v\000e\000\040\000V\000a\000l\000u\000e\000s\000\040\000w\000i\000t\000h\000\040\000x\000<\000-\0001}{section.26}% 32
\BOOKMARK [1][-]{section.27}{\376\377\000A\000\040\000S\000i\000m\000p\000l\000e\000\040\000E\000x\000a\000m\000p\000l\000e}{}% 33
\BOOKMARK [1][-]{section.28}{\376\377\000C\000o\000m\000p\000l\000e\000x\000\040\000E\000x\000t\000e\000n\000s\000i\000o\000n}{}% 34
\BOOKMARK [1][-]{section.29}{\376\377\000W\000h\000a\000t\000\040\000i\000s\000\040\000I\000n\000h\000e\000r\000i\000t\000e\000d\000\040\000a\000n\000d\000\040\000W\000h\000a\000t\000\040\000M\000a\000y\000\040\000B\000e\000\040\000I\000n\000t\000e\000r\000e\000s\000t\000i\000n\000g}{}% 35
\BOOKMARK [1][-]{section.30}{\376\377\000R\000e\000s\000e\000a\000r\000c\000h\000\040\000D\000i\000r\000e\000c\000t\000i\000o\000n\000s}{}% 36
\BOOKMARK [1][-]{section.31}{\376\377\000W\000h\000e\000r\000e\000\040\000W\000e\000\040\000A\000r\000e}{}% 37
